---
source: src/nasl/syntax/parser/tests.rs
expression: "crate :: nasl :: syntax :: parser :: tests ::\nparse_program_ok(stringify! (increment_operators_postfix), \"a++; a--;\")"
---
[
    ExprStmt(
        Atom(
            Increment(
                Increment {
                    expr: PlaceExpr {
                        ident: Ident(
                            "a",
                        ),
                        array_accesses: [],
                    },
                    op: PlusPlus,
                    kind: Postfix,
                },
            ),
        ),
    ),
    ExprStmt(
        Atom(
            Increment(
                Increment {
                    expr: PlaceExpr {
                        ident: Ident(
                            "a",
                        ),
                        array_accesses: [],
                    },
                    op: MinusMinus,
                    kind: Postfix,
                },
            ),
        ),
    ),
]
