---
source: src/nasl/syntax/parser/tests.rs
expression: "crate :: nasl :: syntax :: parser :: tests :: parse_ok :: < Declaration >\n(stringify! (var_assignment), \"x = 3;\")"
---
VariableDecl(
    VariableDecl {
        ident: Ident(
            "x",
        ),
        operator: Equal,
        expr: Literal(
            Number(
                3,
            ),
        ),
    },
)
