---
source: src/nasl/syntax/parser/tests.rs
expression: "crate :: nasl :: syntax :: parser :: tests ::\nparse_program_err(stringify! (missing_right_paren), \"foreach a(x { a = 2;\")"
---
error: Expected ';'
  ┌─ missing_right_paren:1:1
  │
1 │ foreach a(x { a = 2;
  │ ^^^^^^^^^^^^ Expected ';'
