---
source: src/nasl/syntax/parser/tests.rs
expression: "crate :: nasl :: syntax :: parser :: tests ::\nparse_program_ok(stringify! (div), \"a / 1;\")"
---
[
    Stmt(
        ExprStmt(
            Binary(
                Binary {
                    lhs: PlaceExpr(
                        Ident(
                            Ident(
                                "a",
                            ),
                        ),
                    ),
                    op: Slash,
                    rhs: Literal(
                        Number(
                            1,
                        ),
                    ),
                },
            ),
        ),
    ),
]
