---
source: src/nasl/syntax/parser/tests.rs
expression: "crate :: nasl :: syntax :: parser :: tests ::\nparse_program_ok(stringify! (unary_operators),\n\"\n    -a;\n    !a;\n    - - -a;\n    - - !a;\n    ! ! !a;\n    \")"
---
[
    Stmt(
        ExprStmt(
            Unary(
                Unary {
                    op: Minus,
                    rhs: Ident(
                        Ident(
                            "a",
                        ),
                    ),
                },
            ),
        ),
    ),
    Stmt(
        ExprStmt(
            Unary(
                Unary {
                    op: Bang,
                    rhs: Ident(
                        Ident(
                            "a",
                        ),
                    ),
                },
            ),
        ),
    ),
    Stmt(
        ExprStmt(
            Unary(
                Unary {
                    op: Minus,
                    rhs: Unary(
                        Unary {
                            op: Minus,
                            rhs: Unary(
                                Unary {
                                    op: Minus,
                                    rhs: Ident(
                                        Ident(
                                            "a",
                                        ),
                                    ),
                                },
                            ),
                        },
                    ),
                },
            ),
        ),
    ),
    Stmt(
        ExprStmt(
            Unary(
                Unary {
                    op: Minus,
                    rhs: Unary(
                        Unary {
                            op: Minus,
                            rhs: Unary(
                                Unary {
                                    op: Bang,
                                    rhs: Ident(
                                        Ident(
                                            "a",
                                        ),
                                    ),
                                },
                            ),
                        },
                    ),
                },
            ),
        ),
    ),
    Stmt(
        ExprStmt(
            Unary(
                Unary {
                    op: Bang,
                    rhs: Unary(
                        Unary {
                            op: Bang,
                            rhs: Unary(
                                Unary {
                                    op: Bang,
                                    rhs: Ident(
                                        Ident(
                                            "a",
                                        ),
                                    ),
                                },
                            ),
                        },
                    ),
                },
            ),
        ),
    ),
]
