---
source: src/nasl/syntax/parser/tests.rs
expression: "crate :: nasl :: syntax :: parser :: tests ::\nparse_program_ok(stringify! (primitive), \"1;\")"
---
[
    Stmt(
        ExprStmt(
            Literal(
                Number(
                    1,
                ),
            ),
        ),
    ),
]
