---
source: src/nasl/syntax/parser/tests.rs
expression: "crate :: nasl :: syntax :: parser :: tests :: parse_ok :: < Expr >\n(stringify! (array_access_precedence), \"a[1]++\")"
---
Atom(
    Increment(
        Increment {
            expr: PlaceExpr {
                ident: Ident(
                    "a",
                ),
                array_accesses: [
                    Atom(
                        Literal(
                            Number(
                                1,
                            ),
                        ),
                    ),
                ],
            },
            op: PlusPlus,
            kind: Postfix,
        },
    ),
)
