---
source: src/nasl/syntax/keyword_extension.rs
expression: "crate :: nasl :: syntax :: lexer :: tests ::\nparse_ok(stringify! (repeat_loop),\n\"repeat ; until 1 == 1;\").into_iter().map(| stmt | stmt.to_string()).collect\n:: < Vec < _ >> ().join(\"\\n\")"
snapshot_kind: text
---
repeat NoOp until 1 == 1
