---
source: src/nasl/syntax/prefix_extension.rs
expression: "crate :: nasl :: syntax :: lexer :: tests ::\nparse_ok(stringify! (assignment_operator),\n\"++a[0];\").into_iter().map(| stmt | stmt.to_string()).collect :: < Vec < _ >>\n().join(\"\\n\")"
snapshot_kind: text
---
++a[0]
