---
source: src/nasl/syntax/tokenizer/tests.rs
expression: "tokenize_ok(stringify! (two_char_tokens),\n\"& && | || ! != !~ = == =~ > >> >= >< < << <= - -- + += ++ / /= * ** *=\")"
snapshot_kind: text
---
[
    Token {
        kind: Ampersand,
        line_column: (
            1,
            1,
        ),
        position: (
            0,
            1,
        ),
    },
    Token {
        kind: AmpersandAmpersand,
        line_column: (
            1,
            3,
        ),
        position: (
            2,
            4,
        ),
    },
    Token {
        kind: Pipe,
        line_column: (
            1,
            6,
        ),
        position: (
            5,
            6,
        ),
    },
    Token {
        kind: PipePipe,
        line_column: (
            1,
            8,
        ),
        position: (
            7,
            9,
        ),
    },
    Token {
        kind: Bang,
        line_column: (
            1,
            11,
        ),
        position: (
            10,
            11,
        ),
    },
    Token {
        kind: BangEqual,
        line_column: (
            1,
            13,
        ),
        position: (
            12,
            14,
        ),
    },
    Token {
        kind: BangTilde,
        line_column: (
            1,
            16,
        ),
        position: (
            15,
            17,
        ),
    },
    Token {
        kind: Equal,
        line_column: (
            1,
            19,
        ),
        position: (
            18,
            19,
        ),
    },
    Token {
        kind: EqualEqual,
        line_column: (
            1,
            21,
        ),
        position: (
            20,
            22,
        ),
    },
    Token {
        kind: EqualTilde,
        line_column: (
            1,
            24,
        ),
        position: (
            23,
            25,
        ),
    },
    Token {
        kind: Greater,
        line_column: (
            1,
            27,
        ),
        position: (
            26,
            27,
        ),
    },
    Token {
        kind: GreaterGreater,
        line_column: (
            1,
            29,
        ),
        position: (
            28,
            30,
        ),
    },
    Token {
        kind: GreaterEqual,
        line_column: (
            1,
            32,
        ),
        position: (
            31,
            33,
        ),
    },
    Token {
        kind: GreaterLess,
        line_column: (
            1,
            35,
        ),
        position: (
            34,
            36,
        ),
    },
    Token {
        kind: Less,
        line_column: (
            1,
            38,
        ),
        position: (
            37,
            38,
        ),
    },
    Token {
        kind: LessLess,
        line_column: (
            1,
            40,
        ),
        position: (
            39,
            41,
        ),
    },
    Token {
        kind: LessEqual,
        line_column: (
            1,
            43,
        ),
        position: (
            42,
            44,
        ),
    },
    Token {
        kind: Minus,
        line_column: (
            1,
            46,
        ),
        position: (
            45,
            46,
        ),
    },
    Token {
        kind: MinusMinus,
        line_column: (
            1,
            48,
        ),
        position: (
            47,
            49,
        ),
    },
    Token {
        kind: Plus,
        line_column: (
            1,
            51,
        ),
        position: (
            50,
            51,
        ),
    },
    Token {
        kind: PlusEqual,
        line_column: (
            1,
            53,
        ),
        position: (
            52,
            54,
        ),
    },
    Token {
        kind: PlusPlus,
        line_column: (
            1,
            56,
        ),
        position: (
            55,
            57,
        ),
    },
    Token {
        kind: Slash,
        line_column: (
            1,
            59,
        ),
        position: (
            58,
            59,
        ),
    },
    Token {
        kind: SlashEqual,
        line_column: (
            1,
            61,
        ),
        position: (
            60,
            62,
        ),
    },
    Token {
        kind: Star,
        line_column: (
            1,
            64,
        ),
        position: (
            63,
            64,
        ),
    },
    Token {
        kind: StarStar,
        line_column: (
            1,
            66,
        ),
        position: (
            65,
            67,
        ),
    },
    Token {
        kind: StarEqual,
        line_column: (
            1,
            69,
        ),
        position: (
            68,
            70,
        ),
    },
]
