---
source: src/nasl/syntax/tokenizer/tests.rs
expression: "tokenize_ok(stringify! (four_symbol_tokens), \">>>=\")"
snapshot_kind: text
---
[
    Token {
        kind: GreaterGreaterGreaterEqual,
        position: (
            0,
            4,
        ),
    },
]
