---
source: src/nasl/syntax/tokenizer/tests.rs
expression: "tokenize_ok(stringify! (three_char_tokens), \">>> >>= >!< <<=\")"
snapshot_kind: text
---
[
    Token {
        kind: GreaterGreaterGreater,
        line_column: (
            1,
            1,
        ),
        position: (
            0,
            3,
        ),
    },
    Token {
        kind: GreaterGreaterEqual,
        line_column: (
            1,
            5,
        ),
        position: (
            4,
            7,
        ),
    },
    Token {
        kind: GreaterBangLess,
        line_column: (
            1,
            9,
        ),
        position: (
            8,
            11,
        ),
    },
    Token {
        kind: LessLessEqual,
        line_column: (
            1,
            13,
        ),
        position: (
            12,
            15,
        ),
    },
]
